[www.funnelfit.co.uk/index.html]
[backblue.gif]
[fade.gif]
[index.html]
[www.funnelfit.co.uk/wp-content/plugins/yith-woocommerce-wishlist/assets/css/frontend/add-to-wishlist.css]
[www.funnelfit.co.uk/wp-content/plugins/yith-woocommerce-wishlist/assets/css/jquery.selectBox.css]
[www.funnelfit.co.uk/wp-content/plugins/woocommerce/assets/css/prettyPhoto.css]
[www.funnelfit.co.uk/wp-content/plugins/yith-woocommerce-wishlist/assets/css/style.css]
[www.funnelfit.co.uk/wp-content/plugins/cl_pricetable/css/cl_price_table.css]
[www.funnelfit.co.uk/wp-content/plugins/cl_pricetable/css/hover-min.css]
[www.funnelfit.co.uk/wp-content/plugins/cl_pricetable/css/font-awesome.min.css]
[www.funnelfit.co.uk/wp-content/plugins/cl_testimonial/css/style.css]
[www.funnelfit.co.uk/wp-content/plugins/cl_testimonial/css/hover-min.css]
[www.funnelfit.co.uk/wp-content/plugins/cl_testimonial/css/font-awesome.min.css]
[www.funnelfit.co.uk/wp-content/plugins/cl_testimonial/css/slick.css]
[www.funnelfit.co.uk/feed/index.html]
[www.funnelfit.co.uk/wp-content/plugins/cl_testimonial/css/slick-theme.css]
[www.funnelfit.co.uk/comments/feed/index.html]
[www.funnelfit.co.uk/wp-content/plugins/contact-form-7/includes/css/styles.css]
[www.funnelfit.co.uk/wp-content/themes/funnel/assets/css/bootstrap.min.css]
[www.funnelfit.co.uk/wp-content/plugins/creote-addons/assets/css/animate.css]
[www.funnelfit.co.uk/wp-content/plugins/creote-addons/assets/css/swiper.min.css]
[www.funnelfit.co.uk/wp-content/plugins/creote-addons/assets/css/owl.css]
[www.funnelfit.co.uk/wp-content/plugins/creote-addons/assets/css/jquery.fancybox.min.css]
[www.funnelfit.co.uk/wp-content/plugins/creote-addons/assets/css/popupcss.css]
[www.funnelfit.co.uk/wp-content/plugins/creote-addons/assets/css/aos.css]
[www.funnelfit.co.uk/wp-content/themes/funnel/assets/css/icomoon.css]
[www.funnelfit.co.uk/wp-content/themes/funnel/assets/css/font-awesome.min.css]
[www.funnelfit.co.uk/wp-content/themes/funnel/style.css]
[www.funnelfit.co.uk/wp-content/themes/funnel/assets/css/rtl.css]
[www.funnelfit.co.uk/wp-content/themes/funnel/assets/css/scss/elements/theme-css.css]
[www.funnelfit.co.uk/wp-content/themes/funnel/assets/css/scss/elements/mobile.css]
[www.funnelfit.co.uk/wp-content/plugins/revslider/public/css/sr7.css]
[www.funnelfit.co.uk/wp-content/plugins/woocommerce/assets/css/woocommerce-layout.css]
[www.funnelfit.co.uk/wp-content/plugins/woocommerce/assets/css/woocommerce-smallscreen.css]
[www.funnelfit.co.uk/wp-content/plugins/woocommerce/assets/css/woocommerce.css]
[www.funnelfit.co.uk/wp-content/plugins/wp-job-manager/assets/dist/css/job-listings.css]
[www.funnelfit.co.uk/wp-content/plugins/yith-woocommerce-quick-view/assets/css/yith-quick-view.css]
[www.funnelfit.co.uk/wp-content/plugins/woocommerce/assets/css/brands.css]
[www.funnelfit.co.uk/wp-content/themes/creote-child/style.css]
[www.funnelfit.co.uk/wp-content/themes/funnel/assets/css/metabox.css]
[www.funnelfit.co.uk/wp-content/plugins/yith-woocommerce-compare/assets/css/jquery.dataTables.css]
[www.funnelfit.co.uk/wp-content/plugins/yith-woocommerce-compare/assets/css/compare.css]
[www.funnelfit.co.uk/wp-content/plugins/yith-woocommerce-compare/assets/css/widget.css]
[www.funnelfit.co.uk/wp-content/plugins/js_composer/assets/css/js_composer.min.css]
[www.funnelfit.co.uk/wp-includes/js/jquery/jquery.min.js]
[www.funnelfit.co.uk/wp-includes/js/jquery/jquery-migrate.min.js]
[www.funnelfit.co.uk/wp-content/plugins/woocommerce/assets/js/jquery-blockui/jquery.blockUI.min.js]
[www.funnelfit.co.uk/wp-content/plugins/revslider/public/js/libs/tptools.js]
[www.funnelfit.co.uk/wp-content/plugins/revslider/public/js/sr7.js]
[www.funnelfit.co.uk/wp-content/plugins/woocommerce/assets/js/frontend/add-to-cart.min.js]
[www.funnelfit.co.uk/wp-content/plugins/woocommerce/assets/js/js-cookie/js.cookie.min.js]
[www.funnelfit.co.uk/wp-content/plugins/woocommerce/assets/js/frontend/woocommerce.min.js]
[www.funnelfit.co.uk/wp-content/plugins/js_composer/assets/js/vendors/woocommerce-add-to-cart.js]
[www.funnelfit.co.uk/wp-json/wp/v2/pages/4325.json]
[www.funnelfit.co.uk/wp-json/index.html]
[www.funnelfit.co.uk/xmlrpc0db0.php]
[www.funnelfit.co.uk/wp-json/oembed/1.0/embedce3b.json]
[www.funnelfit.co.uk/wp-json/oembed/1.0/embed071c]
[www.funnelfit.co.uk/wp-content/plugins/woocommerce/assets/fonts/Inter-VariableFont_slnt,wght.woff2]
[www.funnelfit.co.uk/wp-content/plugins/woocommerce/assets/fonts/cardo_normal_400.woff2]
[www.funnelfit.co.uk/wp-content/uploads/2022/05/FunnelFit_Logo.png]
[www.funnelfit.co.uk/wp-content/uploads/2025/06/FunnelFit_Logo_Official.png]
[www.funnelfit.co.uk/about-us/our-journey/index.html]
[www.funnelfit.co.uk/project/essential-steps-to-writing-job-description/indexa9a6.html]
[www.funnelfit.co.uk/about-us/index.html]
[www.funnelfit.co.uk/wp-content/uploads/2025/07/FunnelFIT_Slide_Banner_01.png]
[www.funnelfit.co.uk/wp-content/uploads/2025/07/FunnelFIT-Fintech.png]
[www.funnelfit.co.uk/wp-content/uploads/2025/07/FunnelFIT-E-commerce.png]
[www.funnelfit.co.uk/about-us/our-values/index.html]
[www.funnelfit.co.uk/wp-content/uploads/2025/07/FunnelFIT-Tec-Solutions.png]
[www.funnelfit.co.uk/careers/index.html]
[www.funnelfit.co.uk/about-us/our-team/index.html]
[www.funnelfit.co.uk/wp-content/uploads/2025/07/FunnelFIT-ProfessionalService.png]
[www.funnelfit.co.uk/contact-us/index.html]
[www.funnelfit.co.uk/wp-content/uploads/2025/07/FunnelFIT_Web_Banner_02.png]
[www.funnelfit.co.uk/services/index.html]
[www.funnelfit.co.uk/wp-content/uploads/2022/05/service-image-1.png]
[www.funnelfit.co.uk/packages/index.html]
[www.funnelfit.co.uk/why-choose-our-services/index.html]
[www.funnelfit.co.uk/wp-content/uploads/2025/07/FunnelFIT-Bookkeeping.png]
[www.funnelfit.co.uk/wp-content/uploads/2025/06/service-image-3.jpg]
[www.funnelfit.co.uk/wp-content/uploads/2025/07/FunnelFIT-TaxService.png]
[www.funnelfit.co.uk/wp-content/uploads/2025/07/FunnelFIT-FractionalCFO.png]
[www.funnelfit.co.uk/wp-content/uploads/2025/07/FunnelFIT-Tech-Forward-ICON.png]
[www.funnelfit.co.uk/wp-content/uploads/2025/07/FunnelFIT-Trusted-Secure-ICON.png]
[www.funnelfit.co.uk/wp-content/uploads/2025/06/FunnelFIT_Testimonials.png]
[www.funnelfit.co.uk/wp-content/uploads/2022/05/FunnelFit_Logo_Transparent.png]
[www.funnelfit.co.uk/resources/index.html]
[www.funnelfit.co.uk/wp-content/plugins/woocommerce/assets/client/blocks/wc-blocks.css]
[www.funnelfit.co.uk/wp-content/plugins/woocommerce/assets/css/photoswipe/photoswipe.min.css]
[www.funnelfit.co.uk/wp-content/plugins/woocommerce/assets/css/photoswipe/default-skin/default-skin.min.css]
[www.funnelfit.co.uk/wp-includes/js/dist/vendor/lodash.min.js]
[www.funnelfit.co.uk/wp-includes/js/dist/vendor/wp-polyfill.min.js]
[www.funnelfit.co.uk/wp-includes/js/dist/vendor/moment.min.js]
[www.funnelfit.co.uk/careers/cfo-expert-application/index.html]
[www.funnelfit.co.uk/wp-includes/js/dist/hooks.min.js]
[www.funnelfit.co.uk/wp-includes/js/dist/deprecated.min.js]
[www.funnelfit.co.uk/wp-includes/js/dist/date.min.js]
[www.funnelfit.co.uk/wp-content/plugins/yith-woocommerce-compare/plugin-fw/dist/lapilli-ui/date/index.js]
[www.funnelfit.co.uk/wp-includes/js/dist/vendor/react.min.js]
[www.funnelfit.co.uk/wp-content/plugins/yith-woocommerce-compare/plugin-fw/dist/lapilli-ui/styles/index.js]
[www.funnelfit.co.uk/wp-includes/js/dist/vendor/react-dom.min.js]
[www.funnelfit.co.uk/wp-content/plugins/yith-woocommerce-compare/plugin-fw/dist/lapilli-ui/components/index.js]
[www.funnelfit.co.uk/wp-includes/js/dist/i18n.min.js]
[www.funnelfit.co.uk/wp-includes/js/dist/url.min.js]
[www.funnelfit.co.uk/wp-includes/js/dist/api-fetch.min.js]
[www.funnelfit.co.uk/wp-content/plugins/yith-woocommerce-wishlist/assets/js/dist/components/add-to-wishlist/index.js]
[www.funnelfit.co.uk/wp-content/plugins/yith-woocommerce-wishlist/assets/js/add-to-wishlist-gutenberg.min.js]
[www.funnelfit.co.uk/wp-content/plugins/yith-woocommerce-wishlist/assets/js/jquery.selectBox.min.js]
[www.funnelfit.co.uk/wp-content/plugins/woocommerce/assets/js/prettyPhoto/jquery.prettyPhoto.min.js]
[www.funnelfit.co.uk/wp-content/plugins/yith-woocommerce-wishlist/assets/js/jquery.yith-wcwl.min.js]
[www.funnelfit.co.uk/wp-content/plugins/cl_pricetable/js/main.js]
[www.funnelfit.co.uk/wp-content/plugins/cl_testimonial/js/slick.min.js]
[www.funnelfit.co.uk/wp-content/plugins/cl_testimonial/js/main.js]
[www.funnelfit.co.uk/wp-content/plugins/contact-form-7/includes/swv/js/index.js]
[www.funnelfit.co.uk/wp-content/plugins/contact-form-7/includes/js/index.js]
[www.funnelfit.co.uk/wp-content/themes/funnel/assets/js/bootstrap.min.js]
[www.funnelfit.co.uk/wp-content/plugins/creote-addons/assets/js/TweenMax.min.js]
[www.funnelfit.co.uk/wp-content/themes/funnel/assets/js/magnific-popup.js]
[www.funnelfit.co.uk/wp-content/plugins/creote-addons/assets/js/jquery.fancybox.js]
[www.funnelfit.co.uk/wp-content/plugins/creote-addons/assets/js/owl.js]
[www.funnelfit.co.uk/wp-content/plugins/elementor/assets/lib/swiper/v8/swiper.min.js]
[www.funnelfit.co.uk/wp-content/plugins/js_composer/assets/lib/vendor/node_modules/isotope-layout/dist/isotope.pkgd.min.js]
[www.funnelfit.co.uk/wp-content/plugins/creote-addons/assets/js/countdown.js]
[www.funnelfit.co.uk/wp-content/plugins/creote-addons/assets/js/simpleParallax.min.js]
[www.funnelfit.co.uk/wp-content/plugins/creote-addons/assets/js/appear.js]
[www.funnelfit.co.uk/wp-content/plugins/creote-addons/assets/js/jquery.countTo.js]
[www.funnelfit.co.uk/wp-content/plugins/creote-addons/assets/js/sharer.js]
[www.funnelfit.co.uk/wp-content/plugins/creote-addons/assets/js/hc-sticky.js]
[www.funnelfit.co.uk/wp-content/plugins/creote-addons/assets/js/aos.js]
[www.funnelfit.co.uk/wp-content/plugins/creote-addons/assets/js/aos-active.js]
[www.funnelfit.co.uk/wp-content/themes/funnel/assets/js/shop.js]
[www.funnelfit.co.uk/wp-content/themes/funnel/assets/js/main.js]
[www.funnelfit.co.uk/wp-content/plugins/creote-addons/assets/js/sticky-header-desktop.js]
[www.funnelfit.co.uk/wp-content/plugins/creote-addons/assets/js/sticky-header-mobile.js]
[www.funnelfit.co.uk/wp-content/plugins/creote-addons/assets/js/smoothscroll.js]
[www.funnelfit.co.uk/wp-content/plugins/creote-addons/assets/js/creote-elemetor-extension.js]
[www.funnelfit.co.uk/wp-content/plugins/creote-addons/assets/js/add-to-cart-ajax.js]
[www.funnelfit.co.uk/wp-content/plugins/creote-addons/assets/js/add-to-cart-ajax-single.js]
[www.funnelfit.co.uk/wp-content/plugins/yith-woocommerce-quick-view/assets/js/frontend.min.js]
[www.funnelfit.co.uk/wp-content/plugins/woocommerce/assets/js/sourcebuster/sourcebuster.min.js]
[www.funnelfit.co.uk/wp-content/plugins/woocommerce/assets/js/frontend/order-attribution.min.js]
[www.funnelfit.co.uk/wp-content/plugins/js_composer/assets/js/dist/js_composer_front.min.js]
[www.funnelfit.co.uk/wp-includes/js/underscore.min.js]
[www.funnelfit.co.uk/wp-includes/js/wp-util.min.js]
[www.funnelfit.co.uk/wp-content/plugins/woocommerce/assets/js/frontend/add-to-cart-variation.min.js]
[www.funnelfit.co.uk/wp-content/plugins/woocommerce/assets/js/zoom/jquery.zoom.min.js]
[www.funnelfit.co.uk/wp-content/plugins/woocommerce/assets/js/photoswipe/photoswipe.min.js]
[www.funnelfit.co.uk/wp-content/plugins/woocommerce/assets/js/photoswipe/photoswipe-ui-default.min.js]
[www.funnelfit.co.uk/wp-content/plugins/woocommerce/assets/js/frontend/single-product.min.js]
[www.funnelfit.co.uk/index.html]
[www.funnelfit.co.uk/xmlrpc.php]
[www.funnelfit.co.uk/wp-content/plugins/yith-woocommerce-wishlist/assets/css/frontend/add-to-wishlist.css]
[www.funnelfit.co.uk/wp-content/plugins/yith-woocommerce-wishlist/assets/images/jquery.selectBox-arrow.gif]
[www.funnelfit.co.uk/wp-content/plugins/yith-woocommerce-wishlist/assets/css/jquery.selectBox.css]
[www.funnelfit.co.uk/wp-content/plugins/woocommerce/assets/fonts/WooCommerce.woff2]
[www.funnelfit.co.uk/wp-content/plugins/woocommerce/assets/fonts/WooCommerce.woff]
[www.funnelfit.co.uk/wp-content/plugins/woocommerce/assets/fonts/WooCommerce.ttf]
[www.funnelfit.co.uk/wp-content/plugins/woocommerce/assets/images/icons/loader.svg]
[www.funnelfit.co.uk/wp-content/plugins/woocommerce/assets/css/prettyPhoto.css]
[www.funnelfit.co.uk/wp-content/plugins/yith-woocommerce-wishlist/assets/images/jquery.selectBox-arrow.png]
[www.funnelfit.co.uk/wp-content/plugins/yith-woocommerce-wishlist/assets/css/style.css]
[www.funnelfit.co.uk/wp-content/plugins/cl_pricetable/css/cl_price_table.css]
[www.funnelfit.co.uk/wp-content/plugins/cl_pricetable/css/hover-min.css]
[www.funnelfit.co.uk/wp-content/plugins/cl_pricetable/css/fonts/fontawesome-webfont93e3.eot]
[www.funnelfit.co.uk/wp-content/plugins/cl_pricetable/css/fonts/fontawesome-webfont93e3.woff2]
[www.funnelfit.co.uk/wp-content/plugins/cl_pricetable/css/fonts/fontawesome-webfontd41d.eot]
[www.funnelfit.co.uk/wp-content/plugins/cl_pricetable/css/fonts/fontawesome-webfont93e3.woff]
[www.funnelfit.co.uk/wp-content/plugins/cl_pricetable/css/fonts/fontawesome-webfont93e3.ttf]
[www.funnelfit.co.uk/wp-content/plugins/cl_pricetable/css/font-awesome.min.css]
[www.funnelfit.co.uk/wp-content/plugins/cl_testimonial/css/style.css]
[www.funnelfit.co.uk/wp-content/plugins/cl_testimonial/css/hover-min.css]
[www.funnelfit.co.uk/wp-content/plugins/cl_pricetable/css/fonts/fontawesome-webfont93e3.svg]
[www.funnelfit.co.uk/wp-content/plugins/cl_testimonial/css/fonts/fontawesome-webfont93e3.eot]
[www.funnelfit.co.uk/wp-content/plugins/cl_testimonial/css/fonts/fontawesome-webfont93e3.woff2]
[www.funnelfit.co.uk/wp-content/plugins/cl_testimonial/css/fonts/fontawesome-webfontd41d.eot]
[www.funnelfit.co.uk/wp-content/plugins/cl_testimonial/css/fonts/fontawesome-webfont93e3.woff]
[www.funnelfit.co.uk/wp-content/plugins/cl_testimonial/css/fonts/fontawesome-webfont93e3.ttf]
[www.funnelfit.co.uk/wp-content/plugins/cl_testimonial/css/font-awesome.min.css]
[www.funnelfit.co.uk/wp-content/plugins/cl_testimonial/css/slick.css]
[www.funnelfit.co.uk/wp-content/plugins/cl_testimonial/css/ajax-loader.gif]
[www.funnelfit.co.uk/wp-content/plugins/cl_testimonial/css/fonts/fontawesome-webfont93e3.svg]
[www.funnelfit.co.uk/wp-content/plugins/cl_testimonial/css/slick-theme.css]
[www.funnelfit.co.uk/wp-content/plugins/contact-form-7/includes/css/styles.css]
[www.funnelfit.co.uk/wp-content/themes/funnel/assets/css/bootstrap.min.css]
[www.funnelfit.co.uk/wp-content/plugins/creote-addons/assets/css/animate.css]
[www.funnelfit.co.uk/wp-content/plugins/creote-addons/assets/css/swiper.min.css]
[www.funnelfit.co.uk/wp-content/plugins/creote-addons/assets/css/owl.css]
[www.funnelfit.co.uk/wp-content/plugins/creote-addons/assets/css/jquery.fancybox.min.css]
[www.funnelfit.co.uk/wp-content/plugins/creote-addons/assets/css/popupcss.css]
[www.funnelfit.co.uk/wp-content/plugins/creote-addons/assets/css/aos.css]
[www.funnelfit.co.uk/wp-content/themes/funnel/assets/webfonts/fonts/icomoon5f0d.eot]
[www.funnelfit.co.uk/wp-content/themes/funnel/assets/webfonts/fonts/icomoon5f0d.ttf]
[www.funnelfit.co.uk/wp-content/themes/funnel/assets/webfonts/fonts/icomoon5f0d.woff]
[www.funnelfit.co.uk/wp-content/themes/funnel/assets/css/icomoon.css]
[www.funnelfit.co.uk/wp-content/themes/funnel/assets/webfonts/fa-brands-400.woff2]
[www.funnelfit.co.uk/wp-content/themes/funnel/assets/webfonts/fonts/icomoon5f0d.svg]
[www.funnelfit.co.uk/wp-content/themes/funnel/assets/webfonts/fa-brands-400.ttf]
[www.funnelfit.co.uk/wp-content/themes/funnel/assets/webfonts/fa-regular-400.woff2]
[www.funnelfit.co.uk/wp-content/themes/funnel/assets/webfonts/fa-regular-400.ttf]
[www.funnelfit.co.uk/wp-content/themes/funnel/assets/webfonts/fa-solid-900.woff2]
[www.funnelfit.co.uk/wp-content/themes/funnel/assets/webfonts/fa-solid-900.ttf]
[www.funnelfit.co.uk/wp-content/themes/funnel/assets/css/font-awesome.min.css]
[www.funnelfit.co.uk/wp-content/themes/funnel/style.css]
[www.funnelfit.co.uk/wp-content/themes/funnel/assets/css/rtl.css]
[www.funnelfit.co.uk/wp-content/themes/funnel/assets/images/dot-bg.png]
[www.funnelfit.co.uk/wp-content/themes/funnel/assets/css/scss/elements/theme-css.css]
[www.funnelfit.co.uk/wp-content/themes/funnel/assets/css/scss/elements/mobile.css]
[www.funnelfit.co.uk/wp-content/plugins/revslider/public/css/sr7.css]
[www.funnelfit.co.uk/wp-content/plugins/woocommerce/assets/css/woocommerce-layout.css]
[www.funnelfit.co.uk/wp-content/plugins/woocommerce/assets/css/woocommerce-smallscreen.css]
[www.funnelfit.co.uk/wp-content/plugins/woocommerce/assets/css/woocommerce.css]
[www.funnelfit.co.uk/wp-content/plugins/wp-job-manager/assets/dist/images/ajax-loader.ea183bf2.gif]
[www.funnelfit.co.uk/wp-content/plugins/wp-job-manager/assets/dist/css/job-listings.css]
[www.funnelfit.co.uk/wp-content/plugins/yith-woocommerce-quick-view/assets/css/yith-quick-view.css]
[www.funnelfit.co.uk/wp-content/plugins/woocommerce/assets/css/brands.css]
[www.funnelfit.co.uk/wp-content/themes/creote-child/style.css]
[www.funnelfit.co.uk/wp-content/themes/funnel/assets/images/vc-logo.png]
[www.funnelfit.co.uk/wp-content/themes/funnel/assets/css/metabox.css]
[www.funnelfit.co.uk/wp-content/plugins/yith-woocommerce-compare/assets/css/jquery.dataTables.css]
[www.funnelfit.co.uk/wp-content/plugins/yith-woocommerce-compare/assets/images/green-check.svg]
[www.funnelfit.co.uk/wp-content/plugins/yith-woocommerce-compare/assets/css/compare.css]
[www.funnelfit.co.uk/wp-content/plugins/yith-woocommerce-compare/assets/css/widget.css]
[www.funnelfit.co.uk/wp-content/plugins/js_composer/assets/vc/alert.png]
[www.funnelfit.co.uk/wp-content/plugins/js_composer/assets/vc/info.png]
[www.funnelfit.co.uk/wp-content/plugins/js_composer/assets/vc/tick.png]
[www.funnelfit.co.uk/wp-content/plugins/js_composer/assets/vc/exclamation.png]
[www.funnelfit.co.uk/wp-content/plugins/js_composer/assets/images/icons/address-book.png]
[www.funnelfit.co.uk/wp-content/plugins/js_composer/assets/images/icons/alarm-clock.png]
[www.funnelfit.co.uk/wp-content/plugins/js_composer/assets/images/icons/anchor.png]
[www.funnelfit.co.uk/wp-content/plugins/js_composer/assets/images/icons/application-image.png]
[www.funnelfit.co.uk/wp-content/plugins/js_composer/assets/images/icons/arrow.png]
[www.funnelfit.co.uk/wp-content/plugins/js_composer/assets/images/icons/asterisk.png]
[www.funnelfit.co.uk/wp-content/plugins/js_composer/assets/images/icons/auction-hammer.png]
[www.funnelfit.co.uk/wp-content/plugins/js_composer/assets/images/icons/balloon.png]
[www.funnelfit.co.uk/wp-content/plugins/js_composer/assets/images/icons/balloon-buzz.png]
[www.funnelfit.co.uk/wp-content/plugins/js_composer/assets/images/icons/balloon-facebook.png]
[www.funnelfit.co.uk/wp-content/plugins/js_composer/assets/images/icons/balloon-twitter.png]
[www.funnelfit.co.uk/wp-content/plugins/js_composer/assets/images/icons/battery-full.png]
[www.funnelfit.co.uk/wp-content/plugins/js_composer/assets/images/icons/binocular.png]
[www.funnelfit.co.uk/wp-content/plugins/js_composer/assets/images/icons/blue-document-excel.png]
[www.funnelfit.co.uk/wp-content/plugins/js_composer/assets/images/icons/blue-document-image.png]
[www.funnelfit.co.uk/wp-content/plugins/js_composer/assets/images/icons/blue-document-music.png]
[www.funnelfit.co.uk/wp-content/plugins/js_composer/assets/images/icons/blue-document-office.png]
[www.funnelfit.co.uk/wp-content/plugins/js_composer/assets/images/icons/blue-document-pdf.png]
[www.funnelfit.co.uk/wp-content/plugins/js_composer/assets/images/icons/blue-document-powerpoint.png]
[www.funnelfit.co.uk/wp-content/plugins/js_composer/assets/images/icons/blue-document-word.png]
[www.funnelfit.co.uk/wp-content/plugins/js_composer/assets/images/icons/bookmark.png]
[www.funnelfit.co.uk/wp-content/plugins/js_composer/assets/images/icons/camcorder.png]
[www.funnelfit.co.uk/wp-content/plugins/js_composer/assets/images/icons/camera.png]
[www.funnelfit.co.uk/wp-content/plugins/js_composer/assets/images/icons/chart.png]
[www.funnelfit.co.uk/wp-content/plugins/js_composer/assets/images/icons/chart-pie.png]
[www.funnelfit.co.uk/wp-content/plugins/js_composer/assets/images/icons/clock.png]
[www.funnelfit.co.uk/wp-content/plugins/js_composer/assets/images/icons/control.png]
[www.funnelfit.co.uk/wp-content/plugins/js_composer/assets/images/icons/fire.png]
[www.funnelfit.co.uk/wp-content/plugins/js_composer/assets/images/icons/heart.png]
[www.funnelfit.co.uk/wp-content/plugins/js_composer/assets/images/icons/mail.png]
[www.funnelfit.co.uk/wp-content/plugins/js_composer/assets/images/icons/plus-shield.png]
[www.funnelfit.co.uk/wp-content/plugins/js_composer/assets/images/icons/video.png]
[www.funnelfit.co.uk/wp-content/plugins/js_composer/assets/fonts/vc_icons_v3/fonts/vcpb-plugin-iconscd4b.eot]
[www.funnelfit.co.uk/wp-content/plugins/js_composer/assets/fonts/vc_icons_v3/fonts/vcpb-plugin-iconscd4b.ttf]
[www.funnelfit.co.uk/wp-content/plugins/js_composer/assets/fonts/vc_icons_v3/fonts/vcpb-plugin-iconscd4b.woff]
[www.funnelfit.co.uk/wp-content/plugins/js_composer/assets/fonts/vc_icons_v3/fonts/vcpb-plugin-iconscd4b.svg]
[www.funnelfit.co.uk/wp-content/plugins/js_composer/assets/images/toggle_open.png]
[www.funnelfit.co.uk/wp-content/plugins/js_composer/assets/images/toggle_close.png]
[www.funnelfit.co.uk/wp-content/plugins/js_composer/assets/images/flickr.png]
[www.funnelfit.co.uk/wp-content/plugins/js_composer/assets/fonts/vc_grid/vc_grid_v157a1.eot]
[www.funnelfit.co.uk/wp-content/plugins/js_composer/assets/fonts/vc_grid/vc_grid_v1d41d.eot]
[www.funnelfit.co.uk/wp-content/plugins/js_composer/assets/fonts/vc_grid/vc_grid_v157a1.woff]
[www.funnelfit.co.uk/wp-content/plugins/js_composer/assets/fonts/vc_grid/vc_grid_v157a1.ttf]
[www.funnelfit.co.uk/wp-content/plugins/js_composer/assets/fonts/vc_grid/vc_grid_v157a1.svg]
[www.funnelfit.co.uk/wp-content/plugins/js_composer/assets/images/spinner.gif]
[www.funnelfit.co.uk/wp-content/plugins/js_composer/assets/vc/remove.png]
[www.funnelfit.co.uk/wp-content/plugins/js_composer/assets/css/js_composer.min.css]
[www.funnelfit.co.uk/wp-admin/admin-ajax.html]
[www.funnelfit.co.uk/revslider/revslider.html]
[www.funnelfit.co.uk/wp-content/plugins/revslider/index.html]
[www.funnelfit.co.uk/wp-content/plugins/index.html]
[www.funnelfit.co.uk/wp-content/plugins/elementor/assets/lib/eicons/css/elementor-icons.min.css]
[www.funnelfit.co.uk/wp-content/plugins/elementor/assets/css/frontend.min.css]
[www.funnelfit.co.uk/wp-content/uploads/elementor/css/post-21.css]
[www.funnelfit.co.uk/wp-content/plugins/elementor/assets/lib/font-awesome/css/all.min.css]
[www.funnelfit.co.uk/wp-content/plugins/elementor/assets/lib/font-awesome/css/v4-shims.min.css]
[www.funnelfit.co.uk/wp-content/uploads/elementor/css/post-510.css]
[www.funnelfit.co.uk/wp-content/uploads/elementor/google-fonts/css/roboto.css]
[www.funnelfit.co.uk/wp-content/uploads/elementor/google-fonts/css/robotoslab.css]
[www.funnelfit.co.uk/wp-content/plugins/elementor/assets/lib/font-awesome/js/v4-shims.min.js]
[www.funnelfit.co.uk/wp-json/wp/v2/project/510.json]
[www.funnelfit.co.uk/wp-json/oembed/1.0/embedfedc.json]
[www.funnelfit.co.uk/project/essential-steps-to-writing-job-description/index.html]
[www.funnelfit.co.uk/wp-json/oembed/1.0/embed5682]
[www.funnelfit.co.uk/wp-content/uploads/2025/07/FunnelFIT_Web_Page_BG.png]
[themepanthers.com/wp/creote/v-new/wp-content/uploads/2021/10/project-detail-img-1.jpg]
[themepanthers.com/wp/creote/v-new/wp-content/uploads/2021/10/project-detail-img-2.jpg]
[www.funnelfit.co.uk/wp-includes/js/comment-reply.min.js]
[www.funnelfit.co.uk/wp-content/plugins/elementor/assets/js/webpack.runtime.min.js]
[www.funnelfit.co.uk/wp-content/plugins/elementor/assets/js/frontend-modules.min.js]
[www.funnelfit.co.uk/wp-includes/js/jquery/ui/core.min.js]
[www.funnelfit.co.uk/project/essential-steps-to-writing-job-description/indexa9a6.html]
[www.funnelfit.co.uk/wp-content/plugins/elementor/assets/js/frontend.min.js]
[www.funnelfit.co.uk/wp-json/wp/v2/pages/4327.json]
[www.funnelfit.co.uk/wp-json/oembed/1.0/embed91a9.json]
[www.funnelfit.co.uk/wp-json/oembed/1.0/embed794e]
[www.funnelfit.co.uk/about-us/index.html]
[www.funnelfit.co.uk/wp-json/wp/v2/pages/8581.json]
[www.funnelfit.co.uk/wp-json/oembed/1.0/embed85e4.json]
[www.funnelfit.co.uk/wp-json/oembed/1.0/embed0e1e]
[www.funnelfit.co.uk/about-us/our-journey/index.html]
[www.funnelfit.co.uk/wp-json/wp/v2/pages/8657.json]
[www.funnelfit.co.uk/wp-json/oembed/1.0/embed8e97.json]
[www.funnelfit.co.uk/wp-json/oembed/1.0/embed6d4f]
[www.funnelfit.co.uk/about-us/our-values/index.html]
[www.funnelfit.co.uk/wp-json/wp/v2/pages/8583.json]
[www.funnelfit.co.uk/wp-json/oembed/1.0/embed15b5.json]
[www.funnelfit.co.uk/wp-json/oembed/1.0/embed1759]
[www.funnelfit.co.uk/about-us/our-team/index.html]
[www.funnelfit.co.uk/wp-json/wp/v2/pages/8562.json]
[www.funnelfit.co.uk/wp-json/oembed/1.0/embed7f04.json]
[www.funnelfit.co.uk/wp-json/oembed/1.0/embed4e43]
[www.funnelfit.co.uk/careers/index.html]
[www.funnelfit.co.uk/wp-json/wp/v2/pages/4392.json]
[www.funnelfit.co.uk/wp-json/oembed/1.0/embedfd60.json]
[www.funnelfit.co.uk/wp-json/oembed/1.0/embed5504]
[www.funnelfit.co.uk/contact-us/index.html]
[www.funnelfit.co.uk/wp-json/wp/v2/pages/8489.json]
[www.funnelfit.co.uk/wp-json/oembed/1.0/embed85e8.json]
[www.funnelfit.co.uk/wp-json/oembed/1.0/embed1ad6]
[www.funnelfit.co.uk/wp-content/uploads/2025/06/service-image-3.png]
[www.funnelfit.co.uk/services/index.html]
[www.funnelfit.co.uk/wp-json/wp/v2/pages/8587.json]
[www.funnelfit.co.uk/wp-json/oembed/1.0/embed4709.json]
[www.funnelfit.co.uk/wp-json/oembed/1.0/embed0133]
[www.funnelfit.co.uk/packages/index.html]
[www.funnelfit.co.uk/wp-json/wp/v2/pages/8682.json]
[www.funnelfit.co.uk/service-request-booking/index.html]
[www.funnelfit.co.uk/wp-json/oembed/1.0/embedfcfe.json]
[www.funnelfit.co.uk/wp-json/oembed/1.0/embede641]
[www.funnelfit.co.uk/wp-content/uploads/2025/07/FunnelFIT_RoundCheckICON.png]
[www.funnelfit.co.uk/why-choose-our-services/index.html]
[www.funnelfit.co.uk/wp-json/wp/v2/pages/8717.json]
[www.funnelfit.co.uk/wp-json/oembed/1.0/embed304b.json]
[www.funnelfit.co.uk/wp-json/oembed/1.0/embedf488]
[www.funnelfit.co.uk/wp-content/uploads/2025/07/online-startup-business-scaled.jpg]
[www.funnelfit.co.uk/wp-content/uploads/2025/08/Common-Financial-Red-Flags-Investors-Look-for-in-Nigerian-Startups-2.pdf]
[www.funnelfit.co.uk/wp-content/uploads/2025/07/Common-Financial-Red-Flags-Investors-Look-for-in-Nigerian-Startups-scaled.jpg]
[www.funnelfit.co.uk/wp-content/uploads/2025/08/Funding-Options-in-Nigeria-What-You-Should-Know.pdf]
[www.funnelfit.co.uk/wp-content/uploads/2025/07/Funding-Options-in-Nigeria-What-You-Should-Know.jpg]
[www.funnelfit.co.uk/wp-content/uploads/2025/08/How-to-Build-an-Internal-Audit-System-for-Your-Nigerian-Business.pdf]
[www.funnelfit.co.uk/wp-content/uploads/2025/07/african-man-black-suit.jpg]
[www.funnelfit.co.uk/wp-content/uploads/2025/08/How-to-Know-if-Your-Business-Is-Profitable-Beyond-Just-Sales-Numbers.pdf]
[www.funnelfit.co.uk/wp-content/uploads/2025/07/Tax-Compliance-101-What-Every-Nigerian-SME-Needs-to-Know-About-FIRS-VAT-and-PAYE.jpg]
[www.funnelfit.co.uk/wp-content/uploads/2025/08/Tax-Compliance-101_-What-Every-Nigerian-SME-Needs-to-Know-About-FIRS-VAT-and-PAYE-2.pdf]
[www.funnelfit.co.uk/resources/index.html]
[www.funnelfit.co.uk/wp-includes/css/dashicons.min.css]
[www.funnelfit.co.uk/wp-content/plugins/GravityForm/assets/css/dist/gravity-forms-theme-reset.min.css]
[www.funnelfit.co.uk/wp-content/plugins/GravityForm/assets/css/dist/gravity-forms-theme-foundation.min.css]
[www.funnelfit.co.uk/wp-content/plugins/GravityForm/assets/css/dist/gravity-forms-theme-framework.min.css]
[www.funnelfit.co.uk/wp-content/plugins/GravityForm/js/jquery.json.min.js]
[www.funnelfit.co.uk/wp-content/plugins/GravityForm/js/gravityforms.min.js]
[www.funnelfit.co.uk/wp-content/plugins/GravityForm/assets/js/dist/utils.min.js]
[www.funnelfit.co.uk/wp-json/wp/v2/pages/5562.json]
[www.funnelfit.co.uk/wp-json/oembed/1.0/embed8d56.json]
[www.funnelfit.co.uk/wp-json/oembed/1.0/embed5422]
[www.funnelfit.co.uk/wp-content/plugins/GravityForm/images/datepicker/datepicker.svg]
[www.funnelfit.co.uk/wp-content/plugins/GravityForm/images/spinner.svg]
[www.funnelfit.co.uk/wp-includes/js/dist/dom-ready.min.js]
[www.funnelfit.co.uk/wp-includes/js/dist/a11y.min.js]
[www.funnelfit.co.uk/wp-includes/js/jquery/ui/datepicker.min.js]
[www.funnelfit.co.uk/wp-content/plugins/GravityForm/js/datepicker-legacy.min.js]
[www.funnelfit.co.uk/wp-content/plugins/GravityForm/js/datepicker.min.js]
[www.funnelfit.co.uk/wp-content/plugins/GravityForm/assets/js/dist/vendor-theme.min.js]
[www.funnelfit.co.uk/careers/cfo-expert-application/index.html]
[www.funnelfit.co.uk/wp-content/plugins/woocommerce/assets/client/blocks/wc-blocks.css]
[www.funnelfit.co.uk/wp-content/plugins/GravityForm/assets/js/dist/scripts-theme.min.js]
[www.funnelfit.co.uk/wp-content/plugins/woocommerce/assets/css/photoswipe/default-skin/default-skin.png]
[www.funnelfit.co.uk/wp-content/plugins/woocommerce/assets/css/photoswipe/photoswipe.min.css]
[www.funnelfit.co.uk/wp-content/plugins/woocommerce/assets/css/photoswipe/default-skin/default-skin.svg]
[www.funnelfit.co.uk/wp-content/plugins/woocommerce/assets/css/photoswipe/default-skin/preloader.gif]
[www.funnelfit.co.uk/wp-content/plugins/woocommerce/assets/css/photoswipe/default-skin/default-skin.min.css]
[www.funnelfit.co.uk/wp-admin/admin-ajaxf809.html]
[www.funnelfit.co.uk/wp-content/plugins/woocommerce/assets/images/icons/loader.svg]
[www.funnelfit.co.uk/wp-content/plugins/cl_pricetable/css/fonts/fontawesome-webfont93e3.svg]
[www.funnelfit.co.uk/wp-content/plugins/cl_testimonial/css/fonts/fontawesome-webfont93e3.svg]
[www.funnelfit.co.uk/wp-content/plugins/cl_testimonial/css/fonts/slick.html]
[www.funnelfit.co.uk/wp-content/plugins/cl_testimonial/css/fonts/slickd41d.html]
[www.funnelfit.co.uk/wp-content/plugins/cl_testimonial/css/fonts/slick-2.html]
[www.funnelfit.co.uk/wp-content/plugins/cl_testimonial/css/fonts/slick-3.html]
[www.funnelfit.co.uk/wp-content/plugins/cl_testimonial/css/fonts/slick-4.html]
[www.funnelfit.co.uk/wp-content/plugins/creote-addons/assets/css/owl.video.play.html]
[www.funnelfit.co.uk/wp-content/themes/funnel/assets/webfonts/fonts/icomoon5f0d.svg]
[www.funnelfit.co.uk/wp-content/themes/funnel/assets/webfonts/fa-v4compatibility.html]
[www.funnelfit.co.uk/wp-content/themes/funnel/assets/webfonts/fa-v4compatibility-2.html]
[www.funnelfit.co.uk/wp-content/plugins/yith-woocommerce-compare/assets/css/DataTables-1.10.18/images/sort_both.html]
[www.funnelfit.co.uk/wp-content/plugins/yith-woocommerce-compare/assets/css/DataTables-1.10.18/images/sort_asc.html]
[www.funnelfit.co.uk/wp-content/plugins/yith-woocommerce-compare/assets/css/DataTables-1.10.18/images/sort_desc.html]
[www.funnelfit.co.uk/wp-content/plugins/yith-woocommerce-compare/assets/css/DataTables-1.10.18/images/sort_asc_disabled.html]
[www.funnelfit.co.uk/wp-content/plugins/yith-woocommerce-compare/assets/css/DataTables-1.10.18/images/sort_desc_disabled.html]
[www.funnelfit.co.uk/wp-content/plugins/yith-woocommerce-compare/assets/images/green-check.svg]
[www.funnelfit.co.uk/wp-content/plugins/yith-woocommerce-compare/assets/images/nav-arrow.html]
[www.funnelfit.co.uk/wp-content/plugins/js_composer/assets/fonts/vc_icons_v3/fonts/vcpb-plugin-iconscd4b.svg]
[www.funnelfit.co.uk/wp-content/plugins/js_composer/assets/fonts/vc_grid/vc_grid_v157a1.svg]
[www.funnelfit.co.uk/project/essential-steps-to-writing-job-description/feed/index.html]
[www.funnelfit.co.uk/wp-content/plugins/elementor/assets/lib/eicons/fonts/eicons4518.eot]
[www.funnelfit.co.uk/wp-content/plugins/elementor/assets/lib/eicons/fonts/eicons4518.woff2]
[www.funnelfit.co.uk/wp-content/plugins/elementor/assets/lib/eicons/fonts/eicons4518.woff]
[www.funnelfit.co.uk/wp-content/plugins/elementor/assets/lib/eicons/fonts/eicons4518.ttf]
[www.funnelfit.co.uk/wp-content/plugins/elementor/assets/lib/eicons/css/elementor-icons.min.css]
[www.funnelfit.co.uk/wp-content/plugins/elementor/assets/css/frontend.min.css]
[www.funnelfit.co.uk/wp-content/uploads/elementor/css/post-21.css]
[www.funnelfit.co.uk/wp-content/plugins/elementor/assets/lib/eicons/fonts/eicons4518.svg]
[www.funnelfit.co.uk/wp-content/plugins/elementor/assets/lib/font-awesome/webfonts/fa-brands-400.eot]
[www.funnelfit.co.uk/wp-content/plugins/elementor/assets/lib/font-awesome/webfonts/fa-brands-400d41d.eot]
[www.funnelfit.co.uk/wp-content/plugins/elementor/assets/lib/font-awesome/webfonts/fa-brands-400.woff2]
[www.funnelfit.co.uk/wp-content/plugins/elementor/assets/lib/font-awesome/webfonts/fa-brands-400.woff]
[www.funnelfit.co.uk/wp-content/plugins/elementor/assets/lib/font-awesome/webfonts/fa-brands-400.ttf]
[www.funnelfit.co.uk/wp-content/plugins/elementor/assets/lib/font-awesome/webfonts/fa-regular-400.eot]
[www.funnelfit.co.uk/wp-content/plugins/elementor/assets/lib/font-awesome/webfonts/fa-brands-400.svg]
[www.funnelfit.co.uk/wp-content/plugins/elementor/assets/lib/font-awesome/webfonts/fa-regular-400d41d.eot]
[www.funnelfit.co.uk/wp-content/plugins/elementor/assets/lib/font-awesome/webfonts/fa-regular-400.woff2]
[www.funnelfit.co.uk/wp-content/plugins/elementor/assets/lib/font-awesome/webfonts/fa-regular-400.woff]
[www.funnelfit.co.uk/wp-content/plugins/elementor/assets/lib/font-awesome/webfonts/fa-regular-400.ttf]
[www.funnelfit.co.uk/wp-content/plugins/elementor/assets/lib/font-awesome/webfonts/fa-regular-400.svg]
[www.funnelfit.co.uk/wp-content/plugins/elementor/assets/lib/font-awesome/webfonts/fa-solid-900.eot]
[www.funnelfit.co.uk/wp-content/plugins/elementor/assets/lib/font-awesome/webfonts/fa-solid-900.woff2]
[www.funnelfit.co.uk/wp-content/plugins/elementor/assets/lib/font-awesome/webfonts/fa-solid-900d41d.eot]
[www.funnelfit.co.uk/wp-content/plugins/elementor/assets/lib/font-awesome/webfonts/fa-solid-900.woff]
[www.funnelfit.co.uk/wp-content/plugins/elementor/assets/lib/font-awesome/webfonts/fa-solid-900.ttf]
[www.funnelfit.co.uk/wp-content/plugins/elementor/assets/lib/font-awesome/css/all.min.css]
[www.funnelfit.co.uk/wp-content/plugins/elementor/assets/lib/font-awesome/css/v4-shims.min.css]
[www.funnelfit.co.uk/wp-content/uploads/elementor/css/post-510.css]
[www.funnelfit.co.uk/wp-content/plugins/elementor/assets/lib/font-awesome/webfonts/fa-solid-900.svg]
[www.funnelfit.co.uk/wp-content/uploads/elementor/google-fonts/fonts/roboto-kfo5cnqeu92fr1mu53zec9_vu3r1gihoszmkc3kawzu.woff2]
[www.funnelfit.co.uk/wp-content/uploads/elementor/google-fonts/fonts/roboto-kfo5cnqeu92fr1mu53zec9_vu3r1gihoszmkankawzu.woff2]
[www.funnelfit.co.uk/wp-content/uploads/elementor/google-fonts/fonts/roboto-kfo5cnqeu92fr1mu53zec9_vu3r1gihoszmkcnkawzu.woff2]
[www.funnelfit.co.uk/wp-content/uploads/elementor/google-fonts/fonts/roboto-kfo5cnqeu92fr1mu53zec9_vu3r1gihoszmkbxkawzu.woff2]
[www.funnelfit.co.uk/wp-content/uploads/elementor/google-fonts/fonts/roboto-kfo5cnqeu92fr1mu53zec9_vu3r1gihoszmkenkawzu.woff2]
[www.funnelfit.co.uk/wp-content/uploads/elementor/google-fonts/fonts/roboto-kfo5cnqeu92fr1mu53zec9_vu3r1gihoszmkahkawzu.woff2]
[www.funnelfit.co.uk/wp-content/uploads/elementor/google-fonts/fonts/roboto-kfo5cnqeu92fr1mu53zec9_vu3r1gihoszmkcxkawzu.woff2]
[www.funnelfit.co.uk/wp-content/uploads/elementor/google-fonts/fonts/roboto-kfo5cnqeu92fr1mu53zec9_vu3r1gihoszmkchkawzu.woff2]
[www.funnelfit.co.uk/wp-content/uploads/elementor/google-fonts/fonts/roboto-kfo5cnqeu92fr1mu53zec9_vu3r1gihoszmkbnka.woff2]
[www.funnelfit.co.uk/wp-content/uploads/elementor/google-fonts/fonts/roboto-kfo7cnqeu92fr1me7ksn66agldtyluama3gubgee.woff2]
[www.funnelfit.co.uk/wp-content/uploads/elementor/google-fonts/fonts/roboto-kfo7cnqeu92fr1me7ksn66agldtyluama3iubgee.woff2]
[www.funnelfit.co.uk/wp-content/uploads/elementor/google-fonts/fonts/roboto-kfo7cnqeu92fr1me7ksn66agldtyluama3cubgee.woff2]
[www.funnelfit.co.uk/wp-content/uploads/elementor/google-fonts/fonts/roboto-kfo7cnqeu92fr1me7ksn66agldtyluama3-ubgee.woff2]
[www.funnelfit.co.uk/wp-content/uploads/elementor/google-fonts/fonts/roboto-kfo7cnqeu92fr1me7ksn66agldtyluamawcubgee.woff2]
[www.funnelfit.co.uk/wp-content/uploads/elementor/google-fonts/fonts/roboto-kfo7cnqeu92fr1me7ksn66agldtyluamaxkubgee.woff2]
[www.funnelfit.co.uk/wp-content/uploads/elementor/google-fonts/fonts/roboto-kfo7cnqeu92fr1me7ksn66agldtyluama3oubgee.woff2]
[www.funnelfit.co.uk/wp-content/uploads/elementor/google-fonts/fonts/roboto-kfo7cnqeu92fr1me7ksn66agldtyluama3kubgee.woff2]
[www.funnelfit.co.uk/wp-content/uploads/elementor/google-fonts/fonts/roboto-kfo7cnqeu92fr1me7ksn66agldtyluama3yuba.woff2]
[www.funnelfit.co.uk/wp-content/uploads/elementor/google-fonts/css/roboto.css]
[www.funnelfit.co.uk/wp-content/uploads/elementor/google-fonts/fonts/robotoslab-bngmuxzytxpivibgjjsb6ufa5qw54a.woff2]
[www.funnelfit.co.uk/wp-content/uploads/elementor/google-fonts/fonts/robotoslab-bngmuxzytxpivibgjjsb6ufj5qw54a.woff2]
[www.funnelfit.co.uk/wp-content/uploads/elementor/google-fonts/fonts/robotoslab-bngmuxzytxpivibgjjsb6ufb5qw54a.woff2]
[www.funnelfit.co.uk/wp-content/uploads/elementor/google-fonts/fonts/robotoslab-bngmuxzytxpivibgjjsb6ufo5qw54a.woff2]
[www.funnelfit.co.uk/wp-content/uploads/elementor/google-fonts/fonts/robotoslab-bngmuxzytxpivibgjjsb6ufc5qw54a.woff2]
[www.funnelfit.co.uk/wp-content/uploads/elementor/google-fonts/fonts/robotoslab-bngmuxzytxpivibgjjsb6ufd5qw54a.woff2]
[www.funnelfit.co.uk/wp-content/uploads/elementor/google-fonts/fonts/robotoslab-bngmuxzytxpivibgjjsb6ufn5qu.woff2]
[www.funnelfit.co.uk/wp-content/uploads/elementor/google-fonts/css/robotoslab.css]
[www.funnelfit.co.uk/project/essential-steps-to-writing-job-description/index.html]
[www.funnelfit.co.uk/index912b.html]
[www.funnelfit.co.uk/project/essential-steps-to-writing-job-description/revslider/revslider.html]
[www.funnelfit.co.uk/index7caf.html]
[www.funnelfit.co.uk/about-us/revslider/revslider.html]
[www.funnelfit.co.uk/indexb95f.html]
[www.funnelfit.co.uk/about-us/our-journey/revslider/revslider.html]
[www.funnelfit.co.uk/about-us/our-journey/${e1d2c.html]
[www.funnelfit.co.uk/index7838.html]
[www.funnelfit.co.uk/about-us/our-values/revslider/revslider.html]
[www.funnelfit.co.uk/about-us/our-values/${e1d2c.html]
[www.funnelfit.co.uk/indexf434.html]
[www.funnelfit.co.uk/about-us/our-team/revslider/revslider.html]
[www.funnelfit.co.uk/about-us/our-team/${e1d2c.html]
[www.funnelfit.co.uk/index76c7.html]
[www.funnelfit.co.uk/careers/revslider/revslider.html]
[www.funnelfit.co.uk/index218b.html]
[www.funnelfit.co.uk/contact-us/revslider/revslider.html]
[www.funnelfit.co.uk/index7c17.html]
[www.funnelfit.co.uk/services/revslider/revslider.html]
[www.funnelfit.co.uk/indexcdb5.html]
[www.funnelfit.co.uk/packages/revslider/revslider.html]
[www.funnelfit.co.uk/wp-json/wp/v2/pages/8749.json]
[www.funnelfit.co.uk/wp-json/oembed/1.0/embed360f.json]
[www.funnelfit.co.uk/wp-json/oembed/1.0/embedad3a]
[www.funnelfit.co.uk/wp-content/plugins/GravityForm/js/placeholders.jquery.min.js]
[www.funnelfit.co.uk/service-request-booking/index.html]
[www.funnelfit.co.uk/index25ca.html]
[www.funnelfit.co.uk/why-choose-our-services/revslider/revslider.html]
[www.funnelfit.co.uk/indexb761.html]
[www.funnelfit.co.uk/resources/revslider/revslider.html]
[www.funnelfit.co.uk/wp-includes/fonts/dashicons7d4b.eot]
[www.funnelfit.co.uk/wp-includes/fonts/dashicons7d4b.ttf]
[www.funnelfit.co.uk/wp-includes/css/dashicons.min.css]
[www.funnelfit.co.uk/wp-content/plugins/GravityForm/assets/css/dist/gravity-forms-theme-reset.min.css]
[www.funnelfit.co.uk/wp-content/plugins/GravityForm/images/theme/down-arrow.svg]
[www.funnelfit.co.uk/wp-content/plugins/GravityForm/images/theme/chosen/chosen-sprite.png]
[www.funnelfit.co.uk/wp-content/plugins/GravityForm/images/theme/chosen/chosen-sprite@2x.png]
[www.funnelfit.co.uk/wp-content/plugins/GravityForm/images/gf-creditcards.svg]
[www.funnelfit.co.uk/wp-content/plugins/GravityForm/images/gf-creditcards-check.svg]
[www.funnelfit.co.uk/wp-content/plugins/GravityForm/assets/css/dist/gravity-forms-theme-foundation.min.css]
[www.funnelfit.co.uk/wp-content/plugins/GravityForm/fonts/gform-icons-orbital3c71.woff2]
[www.funnelfit.co.uk/wp-content/plugins/GravityForm/fonts/gform-icons-orbital3c71.ttf]
[www.funnelfit.co.uk/wp-content/plugins/GravityForm/fonts/gform-icons-orbital3c71.woff]
[www.funnelfit.co.uk/wp-content/plugins/GravityForm/fonts/gform-icons-orbital3c71.svg]
[www.funnelfit.co.uk/wp-content/plugins/GravityForm/assets/css/dist/gravity-forms-theme-framework.min.css]
[www.funnelfit.co.uk/wp-content/plugins/GravityForm/assets/css/dist/gravity-forms-orbital-theme.min.css]
[www.funnelfit.co.uk/index2b47.html]
[www.funnelfit.co.uk/careers/cfo-expert-application/revslider/revslider.html]
[www.funnelfit.co.uk/careers/cfo-expert-application/${e1d2c.html]
[www.funnelfit.co.uk/wp-content/plugins/GravityForm/images/datepicker/datepicker.svg]
[www.funnelfit.co.uk/wp-content/plugins/GravityForm/images/spinner.svg]
[www.funnelfit.co.uk/wp-content/plugins/woocommerce/assets/css/photoswipe/default-skin/default-skin.svg]
[www.funnelfit.co.uk/wp-content/plugins/elementor/assets/lib/eicons/fonts/eicons4518.svg]
[www.funnelfit.co.uk/wp-content/plugins/elementor/assets/lib/font-awesome/webfonts/fa-brands-400.svg]
[www.funnelfit.co.uk/wp-content/plugins/elementor/assets/lib/font-awesome/webfonts/fa-regular-400.svg]
[www.funnelfit.co.uk/wp-content/plugins/elementor/assets/lib/font-awesome/webfonts/fa-solid-900.svg]
[www.funnelfit.co.uk/index49c1.html]
[www.funnelfit.co.uk/service-request-booking/revslider/revslider.html]
[www.funnelfit.co.uk/wp-content/plugins/GravityForm/images/theme/down-arrow.svg]
[www.funnelfit.co.uk/wp-content/plugins/GravityForm/images/gf-creditcards.svg]
[www.funnelfit.co.uk/wp-content/plugins/GravityForm/images/gf-creditcards-check.svg]
[www.funnelfit.co.uk/wp-content/plugins/GravityForm/fonts/gform-icons-orbital3c71.svg]
